<?php
return '
  `id` int(10) NOT NULL,
  PRIMARY KEY (`id`)
  /** ENGINE=InnoDB DEFAULT CHARSET=utf8 **/
';
