<?php
return array(
	'fields' => array(
		'id' => array(
			'name' => 'id',
			'type' => 'int',
			'length' => 10,
			'nullable' => false,
		),
	),
	'indexes' => array(
		'PRIMARY' => array(
			'name' => 'PRIMARY',
			'type' => 'primary',
			'columns' => array(
				'id' => 'id',
			),
		),
	),
	'options' => array(
		'engine' => 'InnoDB',
		'charset' => 'utf8',
	),
);